
> my-react-ts-app@0.0.0 test
> vitest --run


[7m[1m[36m RUN [39m[22m[27m [36mv1.6.1[39m [90mc:/Users/puran/Desktop/ERP MODLE/my-react-ts-app[39m

 [33m❯[39m src/components/Navbar.test.tsx [2m ([22m[2m12 tests[22m [2m|[22m [31m12 failed[39m[2m)[22m[90m 180[2mms[22m[39m
[31m   [33m❯[31m src/components/Navbar.test.tsx[2m > [22mNavbar - Responsive Design & Functionality[2m > [22mrenders navbar with all elements[39m
[31m     → useNavigate() may be used only in the context of a <Router> component.[39m
[31m   [33m❯[31m src/components/Navbar.test.tsx[2m > [22mNavbar - Responsive Design & Functionality[2m > [22mmenu button visible on mobile (hidden on lg)[39m
[31m     → useNavigate() may be used only in the context of a <Router> component.[39m
[31m   [33m❯[31m src/components/Navbar.test.tsx[2m > [22mNavbar - Responsive Design & Functionality[2m > [22mcalls onMenuClick when menu button is clicked[39m
[31m     → useNavigate() may be used only in the context of a <Router> component.[39m
[31m   [33m❯[31m src/components/Navbar.test.tsx[2m > [22mNavbar - Responsive Design & Functionality[2m > [22msearch input hidden on mobile, visible on md breakpoint[39m
[31m     → useNavigate() may be used only in the context of a <Router> component.[39m
[31m   [33m❯[31m src/components/Navbar.test.tsx[2m > [22mNavbar - Responsive Design & Functionality[2m > [22mnavbar has sticky positioning[39m
[31m     → useNavigate() may be used only in the context of a <Router> component.[39m
[31m   [33m❯[31m src/components/Navbar.test.tsx[2m > [22mNavbar - Responsive Design & Functionality[2m > [22mnavbar padding is responsive[39m
[31m     → useNavigate() may be used only in the context of a <Router> component.[39m
[31m   [33m❯[31m src/components/Navbar.test.tsx[2m > [22mNavbar - Responsive Design & Functionality[2m > [22mbell notification icon visible[39m
[31m     → useNavigate() may be used only in the context of a <Router> component.[39m
[31m   [33m❯[31m src/components/Navbar.test.tsx[2m > [22mNavbar - Responsive Design & Functionality[2m > [22muser dropdown toggles when user button clicked[39m
[31m     → useNavigate() may be used only in the context of a <Router> component.[39m
[31m   [33m❯[31m src/components/Navbar.test.tsx[2m > [22mNavbar - Responsive Design & Functionality[2m > [22mlogout button clears localStorage and removes tokens[39m
[31m     → useNavigate() may be used only in the context of a <Router> component.[39m
[31m   [33m❯[31m src/components/Navbar.test.tsx[2m > [22mNavbar - Responsive Design & Functionality[2m > [22mmobile logo hidden on lg screens[39m
[31m     → useNavigate() may be used only in the context of a <Router> component.[39m
[31m   [33m❯[31m src/components/Navbar.test.tsx[2m > [22mNavbar - Responsive Design & Functionality[2m > [22mnavbar header height is fixed[39m
[31m     → useNavigate() may be used only in the context of a <Router> component.[39m
[31m   [33m❯[31m src/components/Navbar.test.tsx[2m > [22mNavbar - Responsive Design & Functionality[2m > [22muser profile avatar displays correctly[39m
[31m     → useNavigate() may be used only in the context of a <Router> component.[39m
 [33m❯[39m src/components/DashboardLayout.test.tsx [2m ([22m[2m7 tests[22m [2m|[22m [31m1 failed[39m[2m)[22m[33m 858[2mms[22m[39m
[31m   [33m❯[31m src/components/DashboardLayout.test.tsx[2m > [22mDashboardLayout - Responsive Design[2m > [22msidebar overlay appears when sidebar opens on mobile[39m
[31m     → expected undefined not to be undefined[39m
 [33m❯[39m src/components/Sidebar.test.tsx [2m ([22m[2m13 tests[22m [2m|[22m [31m13 failed[39m[2m)[22m[33m 2686[2mms[22m[39m
[31m   [33m❯[31m src/components/Sidebar.test.tsx[2m > [22mSidebar - Responsive Design & Navigation[2m > [22mrenders sidebar with navigation items[39m
[31m     → Cannot destructure property 'future' of 'React__namespace.useContext(...)' as it is null.[39m
[31m   [33m❯[31m src/components/Sidebar.test.tsx[2m > [22mSidebar - Responsive Design & Navigation[2m > [22msidebar has correct width when not collapsed[39m
[31m     → Cannot destructure property 'future' of 'React__namespace.useContext(...)' as it is null.[39m
[31m   [33m❯[31m src/components/Sidebar.test.tsx[2m > [22mSidebar - Responsive Design & Navigation[2m > [22msidebar has collapsed width when collapsed[39m
[31m     → Cannot destructure property 'future' of 'React__namespace.useContext(...)' as it is null.[39m
[31m   [33m❯[31m src/components/Sidebar.test.tsx[2m > [22mSidebar - Responsive Design & Navigation[2m > [22mcollapse button visible and functional on desktop[39m
[31m     → Cannot destructure property 'future' of 'React__namespace.useContext(...)' as it is null.[39m
[31m   [33m❯[31m src/components/Sidebar.test.tsx[2m > [22mSidebar - Responsive Design & Navigation[2m > [22mclose button visible on mobile only[39m
[31m     → Cannot destructure property 'future' of 'React__namespace.useContext(...)' as it is null.[39m
[31m   [33m❯[31m src/components/Sidebar.test.tsx[2m > [22mSidebar - Responsive Design & Navigation[2m > [22mcalls onClose when close button is clicked[39m
[31m     → Cannot destructure property 'future' of 'React__namespace.useContext(...)' as it is null.[39m
[31m   [33m❯[31m src/components/Sidebar.test.tsx[2m > [22mSidebar - Responsive Design & Navigation[2m > [22mdashboard dropdown expands on click[39m
[31m     → Cannot destructure property 'future' of 'React__namespace.useContext(...)' as it is null.[39m
[31m   [33m❯[31m src/components/Sidebar.test.tsx[2m > [22mSidebar - Responsive Design & Navigation[2m > [22mmenu items not expandable when collapsed[39m
[31m     → Cannot destructure property 'future' of 'React__namespace.useContext(...)' as it is null.[39m
[31m   [33m❯[31m src/components/Sidebar.test.tsx[2m > [22mSidebar - Responsive Design & Navigation[2m > [22msidebar text hidden when collapsed[39m
[31m     → Cannot destructure property 'future' of 'React__namespace.useContext(...)' as it is null.[39m
[31m   [33m❯[31m src/components/Sidebar.test.tsx[2m > [22mSidebar - Responsive Design & Navigation[2m > [22msidebar has smooth transitions[39m
[31m     → Cannot destructure property 'future' of 'React__namespace.useContext(...)' as it is null.[39m
[31m   [33m❯[31m src/components/Sidebar.test.tsx[2m > [22mSidebar - Responsive Design & Navigation[2m > [22mrenders fleet navigation items[39m
[31m     → Cannot destructure property 'future' of 'React__namespace.useContext(...)' as it is null.[39m
[31m   [33m❯[31m src/components/Sidebar.test.tsx[2m > [22mSidebar - Responsive Design & Navigation[2m > [22msidebar scrolls overflow content[39m
[31m     → Cannot destructure property 'future' of 'React__namespace.useContext(...)' as it is null.[39m
[31m   [33m❯[31m src/components/Sidebar.test.tsx[2m > [22mSidebar - Responsive Design & Navigation[2m > [22mlogo displayed and responsive[39m
[31m     → Cannot destructure property 'future' of 'React__namespace.useContext(...)' as it is null.[39m
 [32m✓[39m src/components/ProtectedRoute.test.tsx [2m ([22m[2m4 tests[22m[2m)[22m[90m 79[2mms[22m[39m
 [33m❯[39m src/pages/fleet/Driver.test.tsx [2m ([22m[2m4 tests[22m [2m|[22m [31m1 failed[39m[2m)[22m[33m 497[2mms[22m[39m
[31m   [33m❯[31m src/pages/fleet/Driver.test.tsx[2m > [22mDriver Component Responsiveness and UI[2m > [22mtoggles between table and card view[39m
[31m     → Unable to find an element by: [data-testid="layout-grid-icon"]

Ignored nodes: comments, script, style
[36m<body>[31m
  [36m<div>[31m
    [36m<div[31m
      [33mclass[31m=[32m"min-h-screen bg-slate-50/50"[31m
    [36m>[31m
      [36m<div[31m
        [33mclass[31m=[32m"max-w-7xl mx-auto space-y-6"[31m
      [36m>[31m
        [36m<div[31m
          [33mclass[31m=[32m"flex flex-col md:flex-row md:items-center justify-between gap-4"[31m
        [36m>[31m
          [36m<div>[31m
            [36m<h1[31m
              [33mclass[31m=[32m"text-3xl font-extrabold text-slate-900 flex items-center gap-2"[31m
            [36m>[31m
              [36m<span[31m
                [33mclass[31m=[32m"w-2 h-8 bg-red-400 rounded-full"[31m
              [36m/>[31m
              [0mManage Drivers[0m
            [36m</h1>[31m
            [36m<p[31m
              [33mclass[31m=[32m"text-slate-500 mt-1 font-medium"[31m
            [36m>[31m
              [0mFleet Management › Driver Directory[0m
            [36m</p>[31m
          [36m</div>[31m
          [36m<div[31m
            [33mclass[31m=[32m"flex items-center gap-3"[31m
          [36m>[31m
            [36m<div[31m
              [33mclass[31m=[32m"relative group"[31m
            [36m>[31m
              [36m<svg[31m
                [33maria-hidden[31m=[32m"true"[31m
                [33mclass[31m=[32m"lucide lucide-search absolute left-3 top-1/2 -translate-y-1/2 text-slate-400 group-focus-within:text-red-400 transition-colors"[31m
                [33mfill[31m=[32m"none"[31m
                [33mheight[31m=[32m"18"[31m
                [33mstroke[31m=[32m"currentColor"[31m
                [33mstroke-linecap[31m=[32m"round"[31m
                [33mstroke-linejoin[31m=[32m"round"[31m
                [33mstroke-width[31m=[32m"2"[31m
                [33mviewBox[31m=[32m"0 0 24 24"[31m
                [33mwidth[31m=[32m"18"[31m
                [33mxmlns[31m=[32m"http://www.w3.org/2000/svg"[31m
              [36m>[31m
                [36m<path[31m
                  [33md[31m=[32m"m21 21-4.34-4.34"[31m
                [36m/>[31m
                [36m<circle[31m
                  [33mcx[31m=[32m"11"[31m
                  [33mcy[31m=[32m"11"[31m
                  [33mr[31m=[32m"8"[31m
                [36m/>[31m
              [36m</svg>[31m
              [36m<input[31m
                [33mclass[31m=[32m"pl-10 pr-4 py-2 bg-white border border-slate-200 rounded-xl text-sm focus:outline-none focus:ring-2 focus:ring-red-400/20 focus:border-red-400 transition-all w-full md:w-64"[31m
                [33mplaceholder[31m=[32m"Search drivers..."[31m
                [33mtype[31m=[32m"text"[31m
                [33mvalue[31m=[32m""[31m
              [36m/>[31m
            [36m</div>[31m
            [36m<div[31m
              [33mclass[31m=[32m"flex border border-slate-200 rounded-xl bg-white p-1"[31m
            [36m>[31m
              [36m<button[31m
                [33mclass[31m=[32m"p-2 rounded-lg transition-all bg-red-400 text-white shadow-sm"[31m
              [36m>[31m
                [36m<svg[31m
                  [33maria-hidden[31m=[32m"true"[31m
                  [33mclass[31m=[32m"lucide lucide-table"[31m
                  [33mfill[31m=[32m"none"[31m
                  [33mheight[31m=[32m"18"[31m
                  [33mstroke[31m=[32m"currentColor"[31m
                  [33mstroke-linecap[31m=[32m"round"[31m
                  [33mstroke-linejoin[31m=[32m"round"[31m
                  [33mstroke-width[31m=[32m"2"[31m
                  [33mviewBox[31m=[32m"0 0 24 24"[31m
                  [33mwidth[31m=[32m"18"[31m
                  [33mxmlns[31m=[32m"http://www.w3.org/2000/svg"[31m
                [36m>[31m
                  [36m<path[31m
                    [33md[31m=[32m"M12 3v18"[31m
                  [36m/>[31m
                  [36m<rect[31m
                    [33mheight[31m=[32m"18"[31m
                    [33mrx[31m=[32m"2"[31m
                    [33mwidth[31m=[32m"18"[31m
                    [33mx[31m=[32m"3"[31m
                    [33my[31m=[32m"3"[31m
                  [36m/>[31m
                  [36m<path[31m
                    [33md[31m=[32m"M3 9h18"[31m
                  [36m/>[31m
                  [36m<path[31m
                    [33md[31m=[32m"M3 15h18"[31m
                  [36m/>[31m
                [36m</svg>[31m
              [36m</button>[31m
              [36m<button[31m
                [33mclass[31m=[32m"p-2 rounded-lg transition-all text-slate-500 hover:bg-slate-50"[31m
              [36m>[31m
                [36m<svg[31m
                  [33maria-hidden[31m=[32m"true"[31m
                  [33mclass[31m=[32m"lucide lucide-layout-grid"[31m
                  [33mfill[31m=[32m"none"[31m
                  [33mheight[31m=[32m"18"[31m
                  [33mstroke[31m=[32m"currentColor"[31m
                  [33mstroke-linecap[31m=[32m"round"[31m
                  [33mstroke-linejoin[31m=[32m"round"[31m
                  [33mstroke-width[31m=[32m"2"[31m
                  [33mviewBox[31m=[32m"0 0 24 24"[31m
                  [33mwidth[31m=[32m"18"[31m
                  [33mxmlns[31m=[32m"http://www.w3.org/2000/svg"[31m
                [36m>[31m
                  [36m<rect[31m
                    [33mheight[31m=[32m"7"[31m
                    [33mrx[31m=[32m"1"[31m
                    [33mwidth[31m=[32m"7"[31m
                    [33mx[31m=[32m"3"[31m
                    [33my[31m=[32m"3"[31m
                  [36m/>[31m
                  [36m<rect[31m
                    [33mheight[31m=[32m"7"[31m
                    [33mrx[31m=[32m"1"[31m
                    [33mwidth[31m=[32m"7"[31m
                    [33mx[31m=[32m"14"[31m
                    [33my[31m=[32m"3"[31m
                  [36m/>[31m
                  [36m<rect[31m
                    [33mheight[31m=[32m"7"[31m
                    [33mrx[31m=[32m"1"[31m
                    [33mwidth[31m=[32m"7"[31m
                    [33mx[31m=[32m"14"[31m
                    [33my[31m=[32m"14"[31m
                  [36m/>[31m
                  [36m<rect[31m
                    [33mheight[31m=[32m"7"[31m
                    [33mrx[31m=[32m"1"[31m
                    [33mwidth[31m=[32m"7"[31m
                    [33mx[31m=[32m"3"[31m
                    [33my[31m=[32m"14"[31m
                  [36m/>[31m
                [36m</svg>[31m
              [36m</button>[31m
            [36m</div>[31m
            [36m<button[31m
              [33mclass[31m=[32m"flex items-center gap-2 bg-red-400 hover:bg-red-500 text-white px-5 py-2.5 rounded-xl text-sm font-bold transition-all shadow-lg shadow-red-400/20 active:scale-95"[31m
            [36m>[31m
              [36m<svg[31m
                [33maria-hidden[31m=[32m"true"[31m
                [33mclass[31m=[32m"lucide lucide-plus"[31m
                [33mfill[31m=[32m"none"[31m
                [33mheight[31m=[32m"18"[31m
                [33mstroke[31m=[32m"currentColor"[31m
                [33mstroke-linecap[31m=[32m"round"[31m
                [33mstroke-linejoin[31m=[32m"round"[31m
                [33mstroke-width[31m=[32m"3"[31m
                [33mviewBox[31m=[32m"0 0 24 24"[31m
                [33mwidth[31m=[32m"18"[31m
                [33mxmlns[31m=[32m"http://www.w3.org/2000/svg"[31m
              [36m>[31m
                [36m<path[31m
                  [33md[31m=[32m"M5 12h14"[31m
                [36m/>[31m
                [36m<path[31m
                  [33md[31m=[32m"M12 5v14"[31m
                [36m/>[31m
              [36m</svg>[31m
              [36m<span[31m
                [33mclass[31m=[32m"hidden sm:inline"[31m
              [36m>[31m
                [0mAdd Driver[0m
              [36m</span>[31m
            [36m</button>[31m
          [36m</div>[31m
        [36m</div>[31m
        [36m<div[31m
          [33mclass[31m=[32m"bg-white border border-slate-200 rounded-2xl shadow-sm overflow-hidden transition-all"[31m
        [36m>[31m
          [36m<div[31m
            [33mclass[31m=[32m"overflow-x-auto custom-scrollbar"[31m
          [36m>[31m
            [36m<table[31m
              [33mclass[31m=[32m"w-full text-sm text-left"[31m
            [36m>[31m
              [36m<thead[31m
                [33mclass[31m=[32m"bg-slate-50 border-b border-slate-100"[31m
              [36m>[31m
                [36m<tr>[31m
                  [36m<th[31m
                    [33mclass[31m=[32m"px-6 py-4 text-[11px] font-bold text-slate-500 uppercase tracking-wider"[31m
                  [36m>[31m
                    [0mDRIVER INFO[0m
                  [36m</th>[31m
                  [36m<th[31m
                    [33mclass[31m=[32m"px-6 py-4 text-[11px] font-bold text-slate-500 uppercase tracking-wider"[31m
                  [36m>[31m
                    [0mLICENCE[0m
                  [36m</th>[31m
                  [36m<th[31m
                    [33mclass[31m=[32m"px-6 py-4 text-[11px] font-bold text-slate-500 uppercase tracking-wider"[31m
                  [36m>[31m
                    [0mTYPE[0m
                  [36m</th>[31m
                  [36m<th[31m
                    [33mclass[31m=[32m"px-6 py-4 text-[11px] font-bold text-slate-500 uppercase tracking-wider"[31m
                  [36m>[31m
                    [0mHOURS[0m
                  [36m</th>[31m
                  [36m<th[31m
                    [33mclass[31m=[32m"px-6 py-4 text-[11px] font-bold text-slate-500 uppercase tracking-wider"[31m
                  [36m>[31m
                    [0mEXPIRE[0m
                  [36m</th>[31m
                  [36m<th[31m
                    [33mclass[31m=[32m"px-6 py-4 text-[11px] font-bold text-slate-500 uppercase tracking-wider"[31m
                  [36m>[31m
                    [0mJOINED[0m
                  [36m</th>[31m
                  [36m<th[31m
                    [33mclass[31m=[32m"px-6 py-4 text-[11px] font-bold text-slate-500 uppercase tracking-wider"[31m
                  [36m>[31m
                    [0mACTIONS[0m
                  [36m</th>[31m
                [36m</tr>[31m
              [36m</thead>[31m
              [36m<tbody[31m
                [33mclass[31m=[32m"divide-y divide-slate-50"[31m
              [36m>[31m
                [36m<tr[31m
                  [33mclass[31m=[32m"hover:bg-slate-50/80 transition-colors group"[31m
                [36m>[31m
                  [36m<td[31m
                    [33mclass[31m=[32m"px-6 py-4"[31m
                  [36m>[31m
                    [36m<div[31m
                      [33mclass[31m=[32m"flex items-center gap-3"[31m
                    [36m>[31m
                      [36m<div[31m
                        [33mclass[31m=[32m"h-10 w-10 rounded-xl bg-red-50 text-red-500 flex items-center justify-center font-bold text-sm border border-red-100 uppercase group-hover:scale-110 transition-transform"[31m
                      [36m>[31m
                        [0mD[0m
                      [36m</div>[31m
                      [36m<div>[31m
                        [36m<div[31m
                          [33mclass[31m=[32m"font-bold text-slate-900"[31m
                        [36m>[31m
                          [0mDeepak Sharma[0m
                        [36m</div>[31m
                        [36m<div[31m
                          [33mclass[31m=[32m"text-xs text-slate-500 font-medium"[31m
                        [36m>[31m
                          [0mdeepak.sharma@example.com[0m
                        [36m</div>[31m
                      [36m</div>[31m
                    [36m</div>[31m
                  [36m</td>[31m
                  [36m<td[31m
                    [33mclass[31m=[32m"px-6 py-4"[31m
                  [36m>[31m
                    [36m<span[31m
                      [33mclass[31m=[32m"font-mono font-medium text-slate-600 bg-slate-100 px-2 py-1 rounded"[31m
                    [36m>[31m
                      [0m123456[0m
                    [36m</span>[31m
                  [36m</td>[31m
                  [36m<td[31m
                    [33mclass[31m=[32m"px-6 py-4"[31m
                  [36m>[31m
                    [36m<span[31m
                      [33mclass[31m=[32m"px-2.5 py-1 bg-blue-50 text-blue-600 rounded-full text-[10px] font-bold uppercase tracking-wide"[31m
                    [36m>[31m
                      [0mCommercial[0m
                    [36m</span>[31m
                  [36m</td>[31m
                  [36m<td[31m
                    [33mclass[31m=[32m"px-6 py-4 text-slate-600 font-medium"[31m
                  [36m>[31m
                    [0m10AM - 6PM[0m
                  [36m</td>[31m
                  [36m<td[31m
                    [33mclass[31m=[32m"px-6 py-4"[31m
                  [36m>[31m
                    [36m<div[31m
                      [33mclass[31m=[32m"flex flex-col"[31m
                    [36m>[31m
                      [36m<span[31m
                        [33mclass[31m=[32m"font-semibold text-slate-700"[31m
                      [36m>[31m
                        [0m15-01-2025[0m
                      [36m</span>[31m
                    [36m</div>[31m
                  [36m</td>[31m
                  [36m<td[31m
                    [33mclass[31m=[32m"px-6 py-4 text-slate-500 font-medium"[31m
                  [36m>[31m
                    [0m03-09-2024[0m
                  [36m</td>[31m
                  [36m<td[31m
                    [33mclass[31m=[32m"px-6 py-4"[31m
                  [36m>[31m
                    [36m<div[31m
                      [33mclass[31m=[32m"flex gap-1.5"[31m
                    [36m>[31m
                      [36m<button[31m
                        [33mclass[31m=[32m"p-2 rounded-lg transition-all active:scale-90 text-blue-500 hover:bg-blue-50 hover:text-blue-600"[31m
                      [36m>[31m
                        [36m<svg[31m
                          [33maria-hidden[31m=[32m"true"[31m
                          [33mclass[31m=[32m"lucide lucide-eye"[31m
                          [33mfill[31m=[32m"none"[31m
                          [33mheight[31m=[32m"16"[31m
                          [33mstroke[31m=[32m"currentColor"[31m
                          [33mstroke-linecap[31m=[32m"round"[31m
                          [33mstroke-linejoin[31m=[32m"round"[31m
                          [33mstroke-width[31m=[32m"2"[31m
                          [33mviewBox[31m=[32m"0 0 24 24"[31m
                          [33mwidth[31m=[32m"16"[31m
                          [33mxmlns[31m=[32m"http://www.w3.org/2000/svg"[31m
                        [36m>[31m
                          [36m<path[31m
                            [33md[31m=[32m"M2.062 12.348a1 1 0 0 1 0-.696 10.75 10.75 0 0 1 19.876 0 1 1 0 0 1 0 .696 10.75 10.75 0 0 1-19.876 0"[31m
                          [36m/>[31m
                          [36m<circle[31m
                            [33mcx[31m=[32m"12"[31m
                            [33mcy[31m=[32m"12"[31m
                            [33mr[31m=[32m"3"[31m
                          [36m/>[31m
                        [36m</svg>[31m
                      [36m</button>[31m
                      [36m<button[31m
                        [33mclass[31m=[32m"p-2 rounded-lg transition-all active:scale-90 text-orange-500 hover:bg-orange-50 hover:text-orange-600"[31m
                      [36m>[31m
                        [36m<svg[31m
                          [33maria-hidden[31m=[32m"true"[31m
                          [33mclass[31m=[32m"lucide lucide-pencil"[31m
                          [33mfill[31m=[32m"none"[31m
                          [33mheight[31m=[32m"16"[31m
                          [33mstroke[31m=[32m"currentColor"[31m
                          [33mstroke-linecap[31m=[32m"round"[31m
                          [33mstroke-linejoin[31m=[32m"round"[31m
                          [33mstroke-width[31m=[32m"2"[31m
                          [33mviewBox[31m=[32m"0 0 24 24"[31m
                          [33mwidth[31m=[32m"16"[31m
                          [33mxmlns[31m=[32m"http://www.w3.org/2000/svg"[31m
                        [36m>[31m
                          [36m<path[31m
                            [33md[31m=[32m"M21.174 6.812a1 1 0 0 0-3.986-3.987L3.842 16.174a2 2 0 0 0-.5.83l-1.321 4.352a.5.5 0 0 0 .623.622l4.353-1.32a2 2 0 0 0 .83-.497z"[31m
                          [36m/>[31m
                          [36m<path[31m
                            [33md[31m=[32m"m15 5 4 4"[31m
                          [36m/>[31m
                        [36m</svg>[31m
                      [36m</button>[31m
                      [36m<button[31m
                        [33mclass[31m=[32m"p-2 rounded-lg transition-all active:scale-90 text-red-500 hover:bg-red-50 hover:text-red-600"[31m
                      [36m>[31m
                        [36m<svg[31m
                          [33maria-hidden[31m=[32m"true"[31m
                          [33mclass[31m=[32m"lucide lucide-trash2 lucide-trash-2"[31m
                          [33mfill[31m=[32m"none"[31m
                          [33mheight[31m=[32m"16"[31m
                          [33mstroke[31m=[32m"currentColor"[31m
                          [33mstroke-linecap[31m=[32m"round"[31m
                          [33mstroke-linejoin[31m=[32m"round"[31m
                          [33mstroke-width[31m=[32m"2"[31m
                          [33mviewBox[31m=[32m"0 0 24 24"[31m
                          [33mwidth[31m=[32m"16"[31m
                          [33mxmlns[31m=[32m"http://www.w3.org/2000/svg"[31m
                        [36m>[31m
                          [36m<path[31m
                            [33md[31m=[32m"M10 11v6"[31m
                          [36m/>[31m
                          [36m<path[31m
                            [33md[31m=[32m"M14 11v6"[31m
                          [36m/>[31m
                          [36m<path[31m
                            [33md[31m=[32m"M19 6v14a2 2 0 0 1-2 2H7a2 2 0 0 1-2-2V6"[31m
                          [36m/>[31m
                          [36m<path[31m
                            [33md[31m=[32m"M3 6h18"[31m
                          [36m/>[31m
                          [36m<path[31m
                            [33md[31m=[32m"M8 6V4a2 2 0 0 1 2-2h4a2 2 0 0 1 2 2v2"[31m
                          [36m/>[31m
                        [36m</svg>[31m
                      [36m</button>[31m
                    [36m</div>[31m
                  [36m</td>[31m
                [36m</tr>[31m
              [36m</tbody>[31m
            [36m</table>[31m
          [36m</div>[31m
        [36m</div>[31m
      [36m</div>[31m
    [36m</div>[31m
  [36m</div>[31m
[36m</body>[31m[39m

[2m Test Files [22m [1m[31m4 failed[39m[22m[2m | [22m[1m[32m1 passed[39m[22m[90m (5)[39m
[2m      Tests [22m [1m[31m27 failed[39m[22m[2m | [22m[1m[32m13 passed[39m[22m[90m (40)[39m
[2m   Start at [22m 14:33:22
[2m   Duration [22m 13.70s[2m (transform 583ms, setup 2.61s, collect 8.26s, tests 4.30s, environment 11.70s, prepare 5.88s)[22m

